[16/Sep/2026 16:49:34] "GET /login/ HTTP/1.1" 200 3810
[16/Sep/2026 16:49:34,384] - Broken pipe from ('127.0.0.1', 54351)
[16/Sep/2026 17:05:49] "GET / HTTP/1.1" 200 13865
[16/Sep/2026 17:05:50] "GET /static/images/LOGO-BP3IP.png HTTP/1.1" 404 1877
[16/Sep/2026 17:05:56] "POST /logout/ HTTP/1.1" 302 0
[16/Sep/2026 17:05:56] "GET /login/ HTTP/1.1" 200 3810
[16/Sep/2026 17:05:56] "GET /static/images/logo-bp3ip.png HTTP/1.1" 404 1877
[16/Sep/2026 17:07:25] "POST /login/ HTTP/1.1" 302 0
[16/Sep/2026 17:07:25] "GET / HTTP/1.1" 200 13741
[16/Sep/2026 17:07:25] "GET /static/images/LOGO-BP3IP.png HTTP/1.1" 404 1877
[16/Sep/2026 17:07:29] "GET /reservasi/tambah/ HTTP/1.1" 200 4903
[16/Sep/2026 17:07:29] "GET /static/images/LOGO-BP3IP.png HTTP/1.1" 404 1877
[16/Sep/2026 17:07:32] "GET /reservasi/ HTTP/1.1" 200 3953
[16/Sep/2026 17:07:32] "GET /static/images/LOGO-BP3IP.png HTTP/1.1" 404 1877
[16/Sep/2026 17:07:35] "GET /notifikasi/ HTTP/1.1" 200 3949
[16/Sep/2026 17:07:35] "GET /static/images/LOGO-BP3IP.png HTTP/1.1" 404 1877
[16/Sep/2026 17:07:37] "GET / HTTP/1.1" 200 13741
[16/Sep/2026 17:07:37] "GET /static/images/LOGO-BP3IP.png HTTP/1.1" 404 1877
[16/Sep/2026 17:07:38] "POST /logout/ HTTP/1.1" 302 0
[16/Sep/2026 17:07:38] "GET /login/ HTTP/1.1" 200 3810
[16/Sep/2026 17:07:38] "GET /static/images/logo-bp3ip.png HTTP/1.1" 404 1877
[16/Sep/2026 17:08:04] "POST /login/ HTTP/1.1" 302 0
[16/Sep/2026 17:08:04] "GET / HTTP/1.1" 200 13867
[16/Sep/2026 17:08:04] "GET /static/images/LOGO-BP3IP.png HTTP/1.1" 404 1877
[16/Sep/2026 17:08:09] "GET /manajemen-reservasi/ HTTP/1.1" 200 3921
[16/Sep/2026 17:08:09] "GET /static/images/LOGO-BP3IP.png HTTP/1.1" 404 1877
[16/Sep/2026 17:08:12] "GET /audit-log/ HTTP/1.1" 200 3987
[16/Sep/2026 17:08:12] "GET /static/images/LOGO-BP3IP.png HTTP/1.1" 404 1877
[16/Sep/2026 17:08:16] "GET /notifikasi/ HTTP/1.1" 200 4001
[16/Sep/2026 17:08:16] "GET /static/images/LOGO-BP3IP.png HTTP/1.1" 404 1877
[16/Sep/2026 17:08:18] "GET / HTTP/1.1" 200 13867
[16/Sep/2026 17:08:18] "GET /static/images/LOGO-BP3IP.png HTTP/1.1" 404 1877
[16/Sep/2026 17:08:28] "GET /manajemen-reservasi/ HTTP/1.1" 200 3921
[16/Sep/2026 17:08:28] "GET /static/images/LOGO-BP3IP.png HTTP/1.1" 404 1877
[16/Sep/2026 17:08:34] "POST /logout/ HTTP/1.1" 302 0
[16/Sep/2026 17:08:34] "GET /login/ HTTP/1.1" 200 3810
[16/Sep/2026 17:08:34] "GET /static/images/logo-bp3ip.png HTTP/1.1" 404 1877
[16/Sep/2026 17:08:46] "POST /login/ HTTP/1.1" 200 3975
[16/Sep/2026 17:08:46] "GET /static/images/logo-bp3ip.png HTTP/1.1" 404 1877
[16/Sep/2026 17:08:53] "POST /login/ HTTP/1.1" 302 0
[16/Sep/2026 17:08:53] "GET / HTTP/1.1" 200 13700
[16/Sep/2026 17:08:53] "GET /static/images/LOGO-BP3IP.png HTTP/1.1" 404 1877
[16/Sep/2026 17:09:00] "GET /pengajuan/ HTTP/1.1" 200 3840
[16/Sep/2026 17:09:00] "GET /static/images/LOGO-BP3IP.png HTTP/1.1" 404 1877
[16/Sep/2026 17:09:03] "GET /notifikasi/ HTTP/1.1" 200 3907
[16/Sep/2026 17:09:03] "GET /static/images/LOGO-BP3IP.png HTTP/1.1" 404 1877
[16/Sep/2026 17:09:05] "POST /logout/ HTTP/1.1" 302 0
[16/Sep/2026 17:09:05] "GET /login/ HTTP/1.1" 200 3810
[16/Sep/2026 17:09:05] "GET /static/images/logo-bp3ip.png HTTP/1.1" 404 1877
